Loaded input/b_a.pgm
Rotated 90
Failed to load input/dummy
No image loaded
No image loaded
No image loaded
No image loaded
Loaded input/b_a.pgm
Rotated 270
Saved output/ci_3_1.pgm
Invalid set of coordinates
Image cropped
Unsupported rotation angle
Invalid set of coordinates
Unsupported rotation angle
Unsupported rotation angle
Selected ALL
Image cropped
Saved output/ci_3_2.pgm
Invalid set of coordinates
Failed to load input/dummy
Loaded output/ci_3_2.pgm
Invalid set of coordinates
Rotated -90
Selected 0 0 1000 1200
Invalid set of coordinates
Image cropped
Rotated -90
Invalid set of coordinates
Rotated -180
Image cropped
Rotated -270
Selected ALL
Rotated 180
Invalid command
Rotated 360
Selected 0 0 1000 1200
Unsupported rotation angle
Invalid command
Rotated 90
Invalid set of coordinates
Rotated -90
Invalid set of coordinates
Unsupported rotation angle
Invalid set of coordinates
Image cropped
Invalid set of coordinates
Rotated 90
Saved output/ci_3_3a.pgm
Saved output/ci_3_3.pgm
Rotated -90
Saved output/ci_3_4a.pgm
Saved output/ci_3_4.pgm
Loaded input/b.pgm
Rotated 90
Failed to load input/dummy
No image loaded
No image loaded
No image loaded
No image loaded
Loaded input/b.pgm
Rotated 180
Saved output/ci_3_5.pgm
Invalid set of coordinates
Image cropped
Unsupported rotation angle
Invalid set of coordinates
Unsupported rotation angle
Unsupported rotation angle
Selected ALL
Image cropped
Saved output/ci_3_6.pgm
Invalid set of coordinates
Failed to load input/dummy
Loaded output/ci_3_6.pgm
Rotated -90
Selected 0 0 1000 1200
Invalid set of coordinates
Image cropped
Rotated -90
Invalid set of coordinates
Rotated -180
Image cropped
Rotated -270
Selected ALL
Rotated 90
Invalid command
Rotated 360
Invalid set of coordinates
Unsupported rotation angle
Invalid command
Rotated 90
Selected 50 50 100 100
Rotated 90
Invalid set of coordinates
Invalid set of coordinates
Unsupported rotation angle
Invalid set of coordinates
Image cropped
Invalid set of coordinates
Rotated 90
Saved output/ci_3_7a.pgm
Saved output/ci_3_7.pgm
Rotated -90
Selected 0 0 1 1
Unsupported rotation angle
Saved output/ci_3_8a.pgm
Saved output/ci_3_8.pgm
