No image loaded
No image loaded
No image loaded
No image loaded
No image loaded
No image loaded
No image loaded
No image loaded
No image loaded
Failed to load input/dummy
No image loaded
No image loaded
No image loaded
No image loaded
No image loaded
No image loaded
No image loaded
No image loaded
No image loaded
Loaded input/s.pgm
Unsupported rotation angle
Invalid set of coordinates
Rotated 90
Rotated 180
Rotated 270
Rotated 360
Rotated 0
Rotated -90
Rotated -180
Rotated -270
Rotated -360
Loaded input/s_a.pgm
Unsupported rotation angle
Invalid set of coordinates
Rotated 90
Rotated 180
Rotated 270
Rotated 360
Rotated 0
Rotated -90
Rotated -180
Rotated -270
Rotated -360
Loaded input/s.ppm
Unsupported rotation angle
Invalid set of coordinates
Rotated 90
Rotated 180
Rotated 270
Rotated 360
Rotated 0
Rotated -90
Rotated -180
Rotated -270
Rotated -360
Loaded input/s_a.ppm
Unsupported rotation angle
Invalid set of coordinates
Rotated 90
Rotated 180
Rotated 270
Rotated 360
Rotated 0
Rotated -90
Rotated -180
Rotated -270
Rotated -360
