Failed to load input/dummy
No image loaded
Loaded input/s.pgm
Failed to load input/dummy
No image loaded
Loaded input/s_a.pgm
Failed to load input/dummy
No image loaded
Loaded input/s.ppm
Failed to load input/dummy
No image loaded
Loaded input/s_a.ppm
Failed to load input/dummy
No image loaded
No image loaded
