Loaded input/s.pgm
Selected 50 100 150 300
Image cropped
Saved output/ss_c_bb_1.pgm
Loaded input/s.pgm
Selected 0 0 272 271
Image cropped
Saved output/ss_c_bb_2.pgm
Loaded input/s.pgm
Selected 300 300 600 480
Image cropped
Image cropped
Selected ALL
Image cropped
Selected 0 0 300 180
Image cropped
Saved output/ss_c_bb_3.pgm
Loaded input/s.ppm
Selected 50 100 150 300
Image cropped
Saved output/ss_c_bb_1.ppm
Loaded input/s.ppm
Selected 0 0 272 271
Image cropped
Saved output/ss_c_bb_2.ppm
Loaded input/s.ppm
Selected 300 300 600 480
Image cropped
Image cropped
Selected ALL
Image cropped
Selected 0 0 300 180
Image cropped
Saved output/ss_c_bb_3.ppm
