Loaded input/b.ppm
Selected 0 0 250 250
APPLY SHARPEN done
Selected 250 250 500 500
APPLY BLUR done
Saved output/c_2_1.ppm
Selected 125 125 375 375
APPLY GAUSSIAN_BLUR done
Selected 0 0 750 750
Image cropped
Saved output/c_2_2a.ppm
Saved output/c_2_2.ppm
APPLY BLUR done
Selected 400 400 600 600
Saved output/c_2_3.ppm
Loaded input/b_a.ppm
Selected 0 0 250 250
APPLY SHARPEN done
Selected 250 250 500 500
APPLY GAUSSIAN_BLUR done
Saved output/c_2_4.ppm
Selected 125 125 375 375
APPLY BLUR done
Selected 0 0 750 750
Image cropped
APPLY SHARPEN done
Saved output/c_2_5a.ppm
Saved output/c_2_5.ppm
APPLY BLUR done
Selected 400 400 600 600
Saved output/c_2_6.ppm
