Loaded input/s_a.ppm
Selected 50 100 150 300
APPLY SHARPEN done
Saved output/ss_g_aa_1a.ppm
Selected 0 0 49 99
APPLY SHARPEN done
Saved output/ss_g_aa_2a.ppm
Selected 151 301 600 480
APPLY SHARPEN done
Saved output/ss_g_aa_3a.ppm
Loaded input/s_a.ppm
Selected ALL
APPLY SHARPEN done
Saved output/ss_g_aa_4a.ppm
Loaded input/s_a.ppm
Selected 0 0 600 480
APPLY SHARPEN done
Saved output/ss_g_aa_5a.ppm
