Loaded input/s.pgm
Selected 200 200 400 400
Rotated -90
Saved output/ss_r-90_ba_1a.pgm
Selected 0 0 199 199
Rotated -90
Saved output/ss_r-90_ba_2a.pgm
Selected 521 401 600 480
Rotated -90
Saved output/ss_r-90_ba_3a.pgm
Loaded input/s.pgm
Selected ALL
Rotated -90
Saved output/ss_r-90_ba_4a.pgm
Loaded input/s.pgm
Selected 0 0 600 480
Rotated -90
Saved output/ss_r-90_ba_5a.pgm
Loaded input/s.ppm
Selected 200 200 400 400
Rotated -90
Saved output/ss_r-90_ba_1a.ppm
Selected 0 0 199 199
Rotated -90
Saved output/ss_r-90_ba_2a.ppm
Selected 521 401 600 480
Rotated -90
Saved output/ss_r-90_ba_3a.ppm
Loaded input/s.ppm
Selected ALL
Rotated -90
Saved output/ss_r-90_ba_4a.ppm
Loaded input/s.ppm
Selected 0 0 600 480
Rotated -90
Saved output/ss_r-90_ba_5a.ppm
