No image loaded
No image loaded
Failed to load input/dummy
No image loaded
No image loaded
Loaded input/s.pgm
Invalid set of coordinates
Invalid set of coordinates
Invalid set of coordinates
Invalid set of coordinates
Invalid set of coordinates
Invalid set of coordinates
Invalid set of coordinates
Invalid set of coordinates
Image cropped
Invalid set of coordinates
Invalid set of coordinates
Loaded input/s_a.pgm
Invalid set of coordinates
Invalid set of coordinates
Invalid set of coordinates
Invalid set of coordinates
Invalid set of coordinates
Invalid set of coordinates
Invalid set of coordinates
Invalid set of coordinates
Image cropped
Invalid set of coordinates
Invalid set of coordinates
Loaded input/s.ppm
Invalid set of coordinates
Invalid set of coordinates
Invalid set of coordinates
Invalid set of coordinates
Invalid set of coordinates
Invalid set of coordinates
Invalid set of coordinates
Invalid set of coordinates
Image cropped
Invalid set of coordinates
Invalid set of coordinates
Loaded input/s_a.ppm
Invalid set of coordinates
Invalid set of coordinates
Invalid set of coordinates
Invalid set of coordinates
Invalid set of coordinates
Invalid set of coordinates
Invalid set of coordinates
Invalid set of coordinates
Image cropped
Invalid set of coordinates
Invalid set of coordinates
