Loaded input/eq.pgm
Equalize done
Saved output/c_e_1.pgm
Selected 100 200 600 600
Image cropped
Equalize done
Saved output/c_e_2.pgm
Loaded input/eq.pgm
Selected 100 200 600 600
Easy, Charlie Chaplin
Image cropped
Equalize done
Saved output/c_e_3.pgm
Loaded input/eq.pgm
Easy, Charlie Chaplin
Equalize done
Saved output/c_e_4.pgm
Selected 50 50 600 600
Equalize done
Image cropped
Saved output/c_e_5.pgm
Loaded input/eq.pgm
Selected 1 1 1023 682
Easy, Charlie Chaplin
Selected 100 100 600 600
Image cropped
Equalize done
Saved output/c_e_6.pgm
